[ERROR] 2017-06-26 19:17:20,838 de.homelab.madgaksha.log4jcat.Sandbox - This is a rather great error message for your convenience or pleasure of testing and I would like to say this starts looking like a really good idea and I really like it, although I do see the flaws with this solution albeit I shall refrain from naming them here or you may get confused, so let's call it a day and end this message here.
[ERROR] 2017-06-26 19:17:21,241 de.homelab.madgaksha.log4jcat.Sandbox - This is a rather great error message for your convenience or pleasure of testing and I would like to say this starts looking like a really good idea and I really like it, although I do see the flaws with this solution albeit I shall refrain from naming them here or you may get confused, so let's call it a day and end this message here.
[ERROR] 2017-06-26 19:17:21,786 de.homelab.madgaksha.log4jcat.Sandbox - This is a rather great error message for your convenience or pleasure of testing and I would like to say this starts looking like a really good idea and I really like it, although I do see the flaws with this solution albeit I shall refrain from naming them here or you may get confused, so let's call it a day and end this message here.
[ERROR] 2017-06-26 19:17:22,218 de.homelab.madgaksha.log4jcat.Sandbox - This is a rather great error message for your convenience or pleasure of testing and I would like to say this starts looking like a really good idea and I really like it, although I do see the flaws with this solution albeit I shall refrain from naming them here or you may get confused, so let's call it a day and end this message here.
[ERROR] 2017-06-26 19:17:22,698 de.homelab.madgaksha.log4jcat.Sandbox - This is a rather great error message for your convenience or pleasure of testing and I would like to say this starts looking like a really good idea and I really like it, although I do see the flaws with this solution albeit I shall refrain from naming them here or you may get confused, so let's call it a day and end this message here.
[ERROR] 2017-06-26 19:17:22,947 de.homelab.madgaksha.log4jcat.Sandbox - This is a rather great error message for your convenience or pleasure of testing and I would like to say this starts looking like a really good idea and I really like it, although I do see the flaws with this solution albeit I shall refrain from naming them here or you may get confused, so let's call it a day and end this message here.
[ERROR] 2017-06-26 19:17:23,212 de.homelab.madgaksha.log4jcat.Sandbox - This is a rather great error message for your convenience or pleasure of testing and I would like to say this starts looking like a really good idea and I really like it, although I do see the flaws with this solution albeit I shall refrain from naming them here or you may get confused, so let's call it a day and end this message here.
[ERROR] 2017-06-26 19:17:23,374 de.homelab.madgaksha.log4jcat.Sandbox - This is a rather great error message for your convenience or pleasure of testing and I would like to say this starts looking like a really good idea and I really like it, although I do see the flaws with this solution albeit I shall refrain from naming them here or you may get confused, so let's call it a day and end this message here.
[ERROR] 2017-06-26 19:17:23,601 de.homelab.madgaksha.log4jcat.Sandbox - This is a rather great error message for your convenience or pleasure of testing and I would like to say this starts looking like a really good idea and I really like it, although I do see the flaws with this solution albeit I shall refrain from naming them here or you may get confused, so let's call it a day and end this message here.
[ERROR] 2017-06-26 19:17:23,698 de.homelab.madgaksha.log4jcat.Sandbox - This is a rather great error message for your convenience or pleasure of testing and I would like to say this starts looking like a really good idea and I really like it, although I do see the flaws with this solution albeit I shall refrain from naming them here or you may get confused, so let's call it a day and end this message here.
[ERROR] 2017-06-26 19:17:23,936 de.homelab.madgaksha.log4jcat.Sandbox - This is a rather great error message for your convenience or pleasure of testing and I would like to say this starts looking like a really good idea and I really like it, although I do see the flaws with this solution albeit I shall refrain from naming them here or you may get confused, so let's call it a day and end this message here.
[ERROR] 2017-06-26 19:17:24,033 de.homelab.madgaksha.log4jcat.Sandbox - This is a rather great error message for your convenience or pleasure of testing and I would like to say this starts looking like a really good idea and I really like it, although I do see the flaws with this solution albeit I shall refrain from naming them here or you may get confused, so let's call it a day and end this message here.
[ERROR] 2017-06-26 19:17:24,192 de.homelab.madgaksha.log4jcat.Sandbox - This is a rather great error message for your convenience or pleasure of testing and I would like to say this starts looking like a really good idea and I really like it, although I do see the flaws with this solution albeit I shall refrain from naming them here or you may get confused, so let's call it a day and end this message here.
[ERROR] 2017-06-26 19:17:24,265 de.homelab.madgaksha.log4jcat.Sandbox - This is a rather great error message for your convenience or pleasure of testing and I would like to say this starts looking like a really good idea and I really like it, although I do see the flaws with this solution albeit I shall refrain from naming them here or you may get confused, so let's call it a day and end this message here.
[ERROR] 2017-06-26 19:17:24,509 de.homelab.madgaksha.log4jcat.Sandbox - This is a rather great error message for your convenience or pleasure of testing and I would like to say this starts looking like a really good idea and I really like it, although I do see the flaws with this solution albeit I shall refrain from naming them here or you may get confused, so let's call it a day and end this message here.
[ERROR] 2017-06-26 19:17:25,033 de.homelab.madgaksha.log4jcat.Sandbox - This is a rather great error message for your convenience or pleasure of testing and I would like to say this starts looking like a really good idea and I really like it, although I do see the flaws with this solution albeit I shall refrain from naming them here or you may get confused, so let's call it a day and end this message here.
[ERROR] 2017-06-26 19:17:25,527 de.homelab.madgaksha.log4jcat.Sandbox - This is a rather great error message for your convenience or pleasure of testing and I would like to say this starts looking like a really good idea and I really like it, although I do see the flaws with this solution albeit I shall refrain from naming them here or you may get confused, so let's call it a day and end this message here.
[ERROR] 2017-06-26 19:17:25,850 de.homelab.madgaksha.log4jcat.Sandbox - This is a rather great error message for your convenience or pleasure of testing and I would like to say this starts looking like a really good idea and I really like it, although I do see the flaws with this solution albeit I shall refrain from naming them here or you may get confused, so let's call it a day and end this message here.
[ERROR] 2017-06-26 19:17:25,940 de.homelab.madgaksha.log4jcat.Sandbox - This is a rather great error message for your convenience or pleasure of testing and I would like to say this starts looking like a really good idea and I really like it, although I do see the flaws with this solution albeit I shall refrain from naming them here or you may get confused, so let's call it a day and end this message here.
[ERROR] 2017-06-26 19:17:26,474 de.homelab.madgaksha.log4jcat.Sandbox - This is a rather great error message for your convenience or pleasure of testing and I would like to say this starts looking like a really good idea and I really like it, although I do see the flaws with this solution albeit I shall refrain from naming them here or you may get confused, so let's call it a day and end this message here.
[ERROR] 2017-06-26 19:17:26,775 de.homelab.madgaksha.log4jcat.Sandbox - This is a rather great error message for your convenience or pleasure of testing and I would like to say this starts looking like a really good idea and I really like it, although I do see the flaws with this solution albeit I shall refrain from naming them here or you may get confused, so let's call it a day and end this message here.
[ERROR] 2017-06-26 19:17:27,221 de.homelab.madgaksha.log4jcat.Sandbox - This is a rather great error message for your convenience or pleasure of testing and I would like to say this starts looking like a really good idea and I really like it, although I do see the flaws with this solution albeit I shall refrain from naming them here or you may get confused, so let's call it a day and end this message here.
[ERROR] 2017-06-26 19:17:27,539 de.homelab.madgaksha.log4jcat.Sandbox - This is a rather great error message for your convenience or pleasure of testing and I would like to say this starts looking like a really good idea and I really like it, although I do see the flaws with this solution albeit I shall refrain from naming them here or you may get confused, so let's call it a day and end this message here.
[ERROR] 2017-06-26 19:17:27,868 de.homelab.madgaksha.log4jcat.Sandbox - This is a rather great error message for your convenience or pleasure of testing and I would like to say this starts looking like a really good idea and I really like it, although I do see the flaws with this solution albeit I shall refrain from naming them here or you may get confused, so let's call it a day and end this message here.
[ERROR] 2017-06-26 19:17:28,114 de.homelab.madgaksha.log4jcat.Sandbox - This is a rather great error message for your convenience or pleasure of testing and I would like to say this starts looking like a really good idea and I really like it, although I do see the flaws with this solution albeit I shall refrain from naming them here or you may get confused, so let's call it a day and end this message here.
[ERROR] 2017-06-26 19:17:28,407 de.homelab.madgaksha.log4jcat.Sandbox - This is a rather great error message for your convenience or pleasure of testing and I would like to say this starts looking like a really good idea and I really like it, although I do see the flaws with this solution albeit I shall refrain from naming them here or you may get confused, so let's call it a day and end this message here.
[ERROR] 2017-06-26 19:17:28,541 de.homelab.madgaksha.log4jcat.Sandbox - This is a rather great error message for your convenience or pleasure of testing and I would like to say this starts looking like a really good idea and I really like it, although I do see the flaws with this solution albeit I shall refrain from naming them here or you may get confused, so let's call it a day and end this message here.
[ERROR] 2017-06-26 19:17:28,705 de.homelab.madgaksha.log4jcat.Sandbox - This is a rather great error message for your convenience or pleasure of testing and I would like to say this starts looking like a really good idea and I really like it, although I do see the flaws with this solution albeit I shall refrain from naming them here or you may get confused, so let's call it a day and end this message here.
[ERROR] 2017-06-26 19:17:29,249 de.homelab.madgaksha.log4jcat.Sandbox - This is a rather great error message for your convenience or pleasure of testing and I would like to say this starts looking like a really good idea and I really like it, although I do see the flaws with this solution albeit I shall refrain from naming them here or you may get confused, so let's call it a day and end this message here.
[ERROR] 2017-06-26 19:17:29,765 de.homelab.madgaksha.log4jcat.Sandbox - This is a rather great error message for your convenience or pleasure of testing and I would like to say this starts looking like a really good idea and I really like it, although I do see the flaws with this solution albeit I shall refrain from naming them here or you may get confused, so let's call it a day and end this message here.
[ERROR] 2017-06-26 19:17:30,291 de.homelab.madgaksha.log4jcat.Sandbox - This is a rather great error message for your convenience or pleasure of testing and I would like to say this starts looking like a really good idea and I really like it, although I do see the flaws with this solution albeit I shall refrain from naming them here or you may get confused, so let's call it a day and end this message here.
[ERROR] 2017-06-26 19:17:30,781 de.homelab.madgaksha.log4jcat.Sandbox - This is a rather great error message for your convenience or pleasure of testing and I would like to say this starts looking like a really good idea and I really like it, although I do see the flaws with this solution albeit I shall refrain from naming them here or you may get confused, so let's call it a day and end this message here.
[ERROR] 2017-06-26 19:17:31,094 de.homelab.madgaksha.log4jcat.Sandbox - This is a rather great error message for your convenience or pleasure of testing and I would like to say this starts looking like a really good idea and I really like it, although I do see the flaws with this solution albeit I shall refrain from naming them here or you may get confused, so let's call it a day and end this message here.
[ERROR] 2017-06-26 19:17:31,515 de.homelab.madgaksha.log4jcat.Sandbox - This is a rather great error message for your convenience or pleasure of testing and I would like to say this starts looking like a really good idea and I really like it, although I do see the flaws with this solution albeit I shall refrain from naming them here or you may get confused, so let's call it a day and end this message here.
[ERROR] 2017-06-26 19:17:31,657 de.homelab.madgaksha.log4jcat.Sandbox - This is a rather great error message for your convenience or pleasure of testing and I would like to say this starts looking like a really good idea and I really like it, although I do see the flaws with this solution albeit I shall refrain from naming them here or you may get confused, so let's call it a day and end this message here.
[ERROR] 2017-06-26 19:17:31,729 de.homelab.madgaksha.log4jcat.Sandbox - This is a rather great error message for your convenience or pleasure of testing and I would like to say this starts looking like a really good idea and I really like it, although I do see the flaws with this solution albeit I shall refrain from naming them here or you may get confused, so let's call it a day and end this message here.
[ERROR] 2017-06-26 19:17:32,238 de.homelab.madgaksha.log4jcat.Sandbox - This is a rather great error message for your convenience or pleasure of testing and I would like to say this starts looking like a really good idea and I really like it, although I do see the flaws with this solution albeit I shall refrain from naming them here or you may get confused, so let's call it a day and end this message here.
[ERROR] 2017-06-26 19:17:32,401 de.homelab.madgaksha.log4jcat.Sandbox - This is a rather great error message for your convenience or pleasure of testing and I would like to say this starts looking like a really good idea and I really like it, although I do see the flaws with this solution albeit I shall refrain from naming them here or you may get confused, so let's call it a day and end this message here.
[ERROR] 2017-06-26 19:17:32,797 de.homelab.madgaksha.log4jcat.Sandbox - This is a rather great error message for your convenience or pleasure of testing and I would like to say this starts looking like a really good idea and I really like it, although I do see the flaws with this solution albeit I shall refrain from naming them here or you may get confused, so let's call it a day and end this message here.
[ERROR] 2017-06-26 19:17:33,315 de.homelab.madgaksha.log4jcat.Sandbox - This is a rather great error message for your convenience or pleasure of testing and I would like to say this starts looking like a really good idea and I really like it, although I do see the flaws with this solution albeit I shall refrain from naming them here or you may get confused, so let's call it a day and end this message here.
[ERROR] 2017-06-26 19:17:33,684 de.homelab.madgaksha.log4jcat.Sandbox - This is a rather great error message for your convenience or pleasure of testing and I would like to say this starts looking like a really good idea and I really like it, although I do see the flaws with this solution albeit I shall refrain from naming them here or you may get confused, so let's call it a day and end this message here.
[ERROR] 2017-06-26 19:17:33,813 de.homelab.madgaksha.log4jcat.Sandbox - This is a rather great error message for your convenience or pleasure of testing and I would like to say this starts looking like a really good idea and I really like it, although I do see the flaws with this solution albeit I shall refrain from naming them here or you may get confused, so let's call it a day and end this message here.
[ERROR] 2017-06-26 19:17:34,216 de.homelab.madgaksha.log4jcat.Sandbox - This is a rather great error message for your convenience or pleasure of testing and I would like to say this starts looking like a really good idea and I really like it, although I do see the flaws with this solution albeit I shall refrain from naming them here or you may get confused, so let's call it a day and end this message here.
[ERROR] 2017-06-26 19:17:34,511 de.homelab.madgaksha.log4jcat.Sandbox - This is a rather great error message for your convenience or pleasure of testing and I would like to say this starts looking like a really good idea and I really like it, although I do see the flaws with this solution albeit I shall refrain from naming them here or you may get confused, so let's call it a day and end this message here.
[ERROR] 2017-06-26 19:17:34,950 de.homelab.madgaksha.log4jcat.Sandbox - This is a rather great error message for your convenience or pleasure of testing and I would like to say this starts looking like a really good idea and I really like it, although I do see the flaws with this solution albeit I shall refrain from naming them here or you may get confused, so let's call it a day and end this message here.
[ERROR] 2017-06-26 19:17:35,247 de.homelab.madgaksha.log4jcat.Sandbox - This is a rather great error message for your convenience or pleasure of testing and I would like to say this starts looking like a really good idea and I really like it, although I do see the flaws with this solution albeit I shall refrain from naming them here or you may get confused, so let's call it a day and end this message here.
[ERROR] 2017-06-26 19:17:35,298 de.homelab.madgaksha.log4jcat.Sandbox - This is a rather great error message for your convenience or pleasure of testing and I would like to say this starts looking like a really good idea and I really like it, although I do see the flaws with this solution albeit I shall refrain from naming them here or you may get confused, so let's call it a day and end this message here.
[ERROR] 2017-06-26 19:17:35,528 de.homelab.madgaksha.log4jcat.Sandbox - This is a rather great error message for your convenience or pleasure of testing and I would like to say this starts looking like a really good idea and I really like it, although I do see the flaws with this solution albeit I shall refrain from naming them here or you may get confused, so let's call it a day and end this message here.
[ERROR] 2017-06-26 19:17:35,759 de.homelab.madgaksha.log4jcat.Sandbox - This is a rather great error message for your convenience or pleasure of testing and I would like to say this starts looking like a really good idea and I really like it, although I do see the flaws with this solution albeit I shall refrain from naming them here or you may get confused, so let's call it a day and end this message here.
[ERROR] 2017-06-26 19:17:35,970 de.homelab.madgaksha.log4jcat.Sandbox - This is a rather great error message for your convenience or pleasure of testing and I would like to say this starts looking like a really good idea and I really like it, although I do see the flaws with this solution albeit I shall refrain from naming them here or you may get confused, so let's call it a day and end this message here.
